// Jest Snapshot v1, https://goo.gl/fbAQLP

exports[`renders app component 1`] = `
<DocumentFragment>
  <div>
    Hello
  </div>
</DocumentFragment>
`;
